comprobando dependencias...

Paquete (3)                     Versión antigua  Diferencia neta

cachyos-plymouth-bootanimation  2-3                    -0.76 MiB
cachyos-plymouth-theme          1-1                    -0.22 MiB
plymouth                        26.134.222-2.1         -2.26 MiB

Tamaño total quitado:  3.24 MiB

:: ¿Desea quitar estos paquetes? [S/n] 
:: Ejecutando los «hooks» de preinstalación...
(1/1) Performing snapper pre snapshots for the following configurations...
==> root: 17
:: Procesando los cambios de los paquetes...
quitando cachyos-plymouth-theme...
quitando cachyos-plymouth-bootanimation...
quitando plymouth...
:: Ejecutando los «hooks» de posinstalación...
(1/5) Reloading system manager configuration...
(2/5) Arming ConditionNeedsUpdate...
(3/5) Updating linux initcpios...
==> Building image from preset: /etc/mkinitcpio.d/linux-cachyos-lts.preset: 'default'
==> Using default configuration file: '/etc/mkinitcpio.conf'
  -> -k /boot/vmlinuz-linux-cachyos-lts -g /boot/initramfs-linux-cachyos-lts.img
==> Starting build: '6.18.42-1-cachyos-lts'
  -> Running build hook: [base]
  -> Running build hook: [systemd]
  -> Running build hook: [autodetect]
  -> Running build hook: [microcode]
  -> Running build hook: [kms]
  -> Running build hook: [modconf]
  -> Running build hook: [block]
  -> Running build hook: [keyboard]
  -> Running build hook: [sd-vconsole]
==> ERROR: Hook 'plymouth' cannot be found
  -> Running build hook: [filesystems]
==> Generating module dependencies
==> Creating zstd-compressed initcpio image: '/boot/initramfs-linux-cachyos-lts.img'
==> WARNING: errors were encountered during the build. The image may not be complete.
==> Building image from preset: /etc/mkinitcpio.d/linux-cachyos.preset: 'default'
==> Using default configuration file: '/etc/mkinitcpio.conf'
  -> -k /boot/vmlinuz-linux-cachyos -g /boot/initramfs-linux-cachyos.img
==> Starting build: '7.2.0-1-cachyos'
  -> Running build hook: [base]
  -> Running build hook: [systemd]
  -> Running build hook: [autodetect]
  -> Running build hook: [microcode]
  -> Running build hook: [kms]
  -> Running build hook: [modconf]
  -> Running build hook: [block]
  -> Running build hook: [keyboard]
  -> Running build hook: [sd-vconsole]
==> ERROR: Hook 'plymouth' cannot be found
  -> Running build hook: [filesystems]
==> Generating module dependencies
==> Creating zstd-compressed initcpio image: '/boot/initramfs-linux-cachyos.img'
==> WARNING: errors were encountered during the build. The image may not be complete.
error: la orden no se ejecutó correctamente
(4/5) Fix plymouth script to update initramfs
(5/5) Performing snapper post snapshots for the following configurations...
==> root: 18
==> Building image from preset: /etc/mkinitcpio.d/linux-cachyos-lts.preset: 'default'
==> Using default configuration file: '/etc/mkinitcpio.conf'
  -> -k /boot/vmlinuz-linux-cachyos-lts -g /boot/initramfs-linux-cachyos-lts.img
==> Starting build: '6.18.42-1-cachyos-lts'
  -> Running build hook: [base]
  -> Running build hook: [systemd]
  -> Running build hook: [autodetect]
  -> Running build hook: [microcode]
  -> Running build hook: [kms]
  -> Running build hook: [modconf]
  -> Running build hook: [block]
  -> Running build hook: [keyboard]
  -> Running build hook: [sd-vconsole]
  -> Running build hook: [filesystems]
==> Generating module dependencies
==> Creating zstd-compressed initcpio image: '/boot/initramfs-linux-cachyos-lts.img'
  -> Early uncompressed CPIO image generation successful
==> Initcpio image generation successful
==> Building image from preset: /etc/mkinitcpio.d/linux-cachyos.preset: 'default'
==> Using default configuration file: '/etc/mkinitcpio.conf'
  -> -k /boot/vmlinuz-linux-cachyos -g /boot/initramfs-linux-cachyos.img
==> Starting build: '7.2.0-1-cachyos'
  -> Running build hook: [base]
  -> Running build hook: [systemd]
  -> Running build hook: [autodetect]
  -> Running build hook: [microcode]
  -> Running build hook: [kms]
  -> Running build hook: [modconf]
  -> Running build hook: [block]
  -> Running build hook: [keyboard]
  -> Running build hook: [sd-vconsole]
  -> Running build hook: [filesystems]
==> Generating module dependencies
==> Creating zstd-compressed initcpio image: '/boot/initramfs-linux-cachyos.img'
  -> Early uncompressed CPIO image generation successful
==> Initcpio image generation successful
Generando un fichero de configuración de grub...
Encontrado tema: /usr/share/grub/themes/cachyos/theme.txt
Encontrada imagen de linux: /boot/vmlinuz-linux-cachyos
Encontrada imagen de memoria inicial: /boot/initramfs-linux-cachyos.img
Encontrada imagen de linux: /boot/vmlinuz-linux-cachyos-lts
Encontrada imagen de memoria inicial: /boot/initramfs-linux-cachyos-lts.img
Aviso: os-prober will be executed to detect other bootable partitions.
Its output will be used to detect bootable binaries on them and create new boot entries.
Encontrado Windows Boot Manager en /dev/nvme0n1p1@/efi/Microsoft/Boot/bootmgfw.efi
Adding boot menu entry for UEFI Firmware Settings ...
Detecting snapshots ...
Found snapshot: 2026-08-25 16:41:08 | @/.snapshots/18/snapshot | post   | cachyos-plymouth-bootanimation cachyos-plymouth-theme plymouth           |
Found snapshot: 2026-08-25 16:40:53 | @/.snapshots/17/snapshot | pre    | pacman -Rns --noconfirm plymouth cachyos-plymouth-bootanimation cachyos- |
Found snapshot: 2026-08-25 16:40:50 | @/.snapshots/16/snapshot | post   | gum                                                                      |
Found snapshot: 2026-08-25 16:40:50 | @/.snapshots/15/snapshot | pre    | pacman -S --needed --noconfirm gum                                       |
Found snapshot: 2026-08-25 16:32:05 | @/.snapshots/14/snapshot | single | Fresh CachyOS Installation                                               |
Found snapshot: 2026-08-25 16:31:17 | @/.snapshots/13/snapshot | post   | firefox mailcap                                                          |
Found snapshot: 2026-08-25 16:31:16 | @/.snapshots/12/snapshot | pre    | pacman -S --noconfirm --noprogressbar --needed --disable-download-timeou |
Found snapshot: 2026-08-25 16:31:05 | @/.snapshots/11/snapshot | post   | cachyos-zsh-config oh-my-zsh-git powerline-fonts zsh zsh-autosuggestions |
Found snapshot: 2026-08-25 16:31:04 | @/.snapshots/10/snapshot | pre    | pacman -S --noconfirm --noprogressbar --needed --disable-download-timeou |
Found snapshot: 2026-08-25 16:31:02 | @/.snapshots/9/snapshot  | post   | bat cachyos-fish-config expac eza fish fish-autopair fish-pure-prompt fi |
Found snapshot: 2026-08-25 16:31:02 | @/.snapshots/8/snapshot  | pre    | pacman -S --noconfirm --noprogressbar --needed --disable-download-timeou |
Found snapshot: 2026-08-25 16:30:58 | @/.snapshots/7/snapshot  | post   | a52dec aalib abseil-cpp accountsservice adwaita-cursors adwaita-icon-the |
Found snapshot: 2026-08-25 16:30:42 | @/.snapshots/6/snapshot  | pre    | pacman -S --noconfirm --noprogressbar --needed --disable-download-timeou |
Found snapshot: 2026-08-25 16:28:38 | @/.snapshots/5/snapshot  | post   | lib32-zlib lib32-zlib-ng lib32-zlib-ng-compat zlib zlib-ng zlib-ng-compa |
Found snapshot: 2026-08-25 16:28:38 | @/.snapshots/4/snapshot  | pre    | pacman -Su --noconfirm --disable-download-timeout                        |
Found snapshot: 2026-08-25 16:28:35 | @/.snapshots/3/snapshot  | post   | dconf glib-networking graphene gsettings-system-schemas gssdp gst-plugin |
Found snapshot: 2026-08-25 16:28:32 | @/.snapshots/2/snapshot  | pre    | N/A                                                                      |
Found snapshot: 2026-08-25 16:28:04 | @/.snapshots/1/snapshot  | single | acl adwaita-fonts amd-ucode ananicy-cpp archlinux-keyring attr audit aut |
Found 18 snapshot(s)
Unmount /tmp/grub-btrfs.BpfSmMWCbB .. Success
hecho
plymouth eliminado — el siguiente arranque muestra texto plano, sin animación
AVISO: cachyos-zsh-config está instalado (lo trae el perfil XFCE de CachyOS)
  arrastra oh-my-zsh + powerlevel10k + zsh-syntax-highlighting,
  que chocan con el zsh de este proyecto (starship + fast-syntax-highlighting).
  Los enlaces de stow ganan sobre ~/.zshrc, pero /etc/zsh/zshrc se lee antes.
  Si el prompt sale raro tras reiniciar, ese es el motivo:
      sudo pacman -Rdd cachyos-zsh-config    # -Rdd: no toca xfce-settings
advertencia: snapper-0.13.1-3.1 está actualizado -- omitiéndolo
advertencia: snap-pac-3.0.1-3 está actualizado -- omitiéndolo
advertencia: grub-btrfs-4.14-1 está actualizado -- omitiéndolo
 ...el sistema ya está actualizado.
Created symlink '/etc/systemd/system/multi-user.target.wants/grub-btrfsd.service' → '/usr/lib/systemd/system/grub-btrfsd.service'.
:: Sincronizando las bases de datos de los paquetes...
 descargando cachyos-v3...
 descargando cachyos-extra-v3...
 descargando cachyos-core-v3...
 descargando cachyos...
 descargando core...
 descargando extra...
 descargando multilib...
:: Iniciando actualización completa del sistema...
 ...el sistema ya está actualizado.
advertencia: snapper-0.13.1-3.1 está actualizado -- omitiéndolo
advertencia: snap-pac-3.0.1-3 está actualizado -- omitiéndolo
advertencia: grub-btrfs-4.14-1 está actualizado -- omitiéndolo
advertencia: xdg-desktop-portal-gtk-1.15.3-1.1 está actualizado -- omitiéndolo
advertencia: pipewire-1:1.6.8-1 está actualizado -- omitiéndolo
advertencia: pipewire-pulse-1:1.6.8-1 está actualizado -- omitiéndolo
advertencia: pipewire-alsa-1:1.6.8-1 está actualizado -- omitiéndolo
advertencia: wireplumber-0.5.15-1.1 está actualizado -- omitiéndolo
advertencia: networkmanager-1.58.1-1 está actualizado -- omitiéndolo
advertencia: lightdm-1:1.33.1-1.1 está actualizado -- omitiéndolo
advertencia: exo-4.20.0-2.1 está actualizado -- omitiéndolo
advertencia: garcon-4.20.0-2.1 está actualizado -- omitiéndolo
advertencia: thunar-4.20.9-1.1 está actualizado -- omitiéndolo
advertencia: thunar-volman-4.20.0-2.1 está actualizado -- omitiéndolo
advertencia: tumbler-4.20.2-1.1 está actualizado -- omitiéndolo
advertencia: xfce4-appfinder-4.20.0-2.1 está actualizado -- omitiéndolo
advertencia: xfce4-panel-4.20.8-1.1 está actualizado -- omitiéndolo
advertencia: xfce4-power-manager-4.20.1-1.1 está actualizado -- omitiéndolo
advertencia: xfce4-session-4.20.4-1.1 está actualizado -- omitiéndolo
advertencia: xfce4-settings-4.20.5-1.1 está actualizado -- omitiéndolo
advertencia: xfce4-terminal-1.2.0-1.1 está actualizado -- omitiéndolo
advertencia: xfconf-4.20.0-2.1 está actualizado -- omitiéndolo
advertencia: xfdesktop-4.20.2-1.1 está actualizado -- omitiéndolo
advertencia: xfwm4-4.20.0-2.1 está actualizado -- omitiéndolo
advertencia: xfce4-terminal-1.2.0-1.1 está actualizado -- omitiéndolo
advertencia: zsh-5.9.2-1.1 está actualizado -- omitiéndolo
advertencia: zsh-autosuggestions-0.7.1-1 está actualizado -- omitiéndolo
advertencia: zsh-completions-0.36.0-1 está actualizado -- omitiéndolo
advertencia: fzf-0.74.3-1.1 está actualizado -- omitiéndolo
advertencia: ripgrep-15.2.0-1 está actualizado -- omitiéndolo
advertencia: fd-10.4.2-2.1 está actualizado -- omitiéndolo
advertencia: eza-0.23.5-2.1 está actualizado -- omitiéndolo
advertencia: bat-0.26.1-2.1 está actualizado -- omitiéndolo
advertencia: duf-0.9.1-1.1 está actualizado -- omitiéndolo
advertencia: jq-1.8.2-1.1 está actualizado -- omitiéndolo
advertencia: btop-1.4.7-1.1 está actualizado -- omitiéndolo
advertencia: noto-fonts-cjk-20240730-1 está actualizado -- omitiéndolo
advertencia: freetype2-2.14.3-1.2 está actualizado -- omitiéndolo
advertencia: libnotify-0.8.8-1.1 está actualizado -- omitiéndolo
advertencia: pacman-contrib-1.13.1-1.2 está actualizado -- omitiéndolo
advertencia: base-devel-1-2 está actualizado -- omitiéndolo
resolviendo dependencias...
:: Existen 2 proveedores disponibles para libtree-sitter.so=0.26-64:
:: Repositorio cachyos-extra-v3
   1) tree-sitter
:: Repositorio extra
   2) tree-sitter

Introduzca un número (por omisión=1): 
:: Existen 2 proveedores disponibles para libunibilium.so=4-64:
:: Repositorio cachyos-extra-v3
   1) unibilium
:: Repositorio extra
   2) unibilium

Introduzca un número (por omisión=1): 
:: Existen 128 proveedores disponibles para tessdata:
:: Repositorio extra
   1) tesseract-data-afr  2) tesseract-data-amh  3) tesseract-data-ara  4) tesseract-data-asm  5) tesseract-data-aze  6) tesseract-data-aze_cyrl  7) tesseract-data-bel  8) tesseract-data-ben  9) tesseract-data-bod  10) tesseract-data-bos  11) tesseract-data-bre  12) tesseract-data-bul  13) tesseract-data-cat  14) tesseract-data-ceb  15) tesseract-data-ces  16) tesseract-data-chi_sim  17) tesseract-data-chi_sim_vert  18) tesseract-data-chi_tra  19) tesseract-data-chi_tra_vert  20) tesseract-data-chr  21) tesseract-data-cos  22) tesseract-data-cym  23) tesseract-data-dan  24) tesseract-data-dan_frak  25) tesseract-data-deu  26) tesseract-data-deu_frak  27) tesseract-data-div  28) tesseract-data-dzo  29) tesseract-data-ell  30) tesseract-data-eng  31) tesseract-data-enm  32) tesseract-data-epo  33) tesseract-data-equ  34) tesseract-data-est  35) tesseract-data-eus  36) tesseract-data-fao  37) tesseract-data-fas  38) tesseract-data-fil  39) tesseract-data-fin  40) tesseract-data-fra  41) tesseract-data-frk  42) tesseract-data-frm  43) tesseract-data-fry  44) tesseract-data-gla  45) tesseract-data-gle  46) tesseract-data-glg  47) tesseract-data-grc  48) tesseract-data-guj  49) tesseract-data-hat  50) tesseract-data-heb  51) tesseract-data-hin  52) tesseract-data-hrv  53) tesseract-data-hun  54) tesseract-data-hye  55) tesseract-data-iku  56) tesseract-data-ind  57) tesseract-data-isl  58) tesseract-data-ita  59) tesseract-data-ita_old  60) tesseract-data-jav  61) tesseract-data-jpn  62) tesseract-data-jpn_vert  63) tesseract-data-kan  64) tesseract-data-kat  65) tesseract-data-kat_old  66) tesseract-data-kaz  67) tesseract-data-khm  68) tesseract-data-kir  69) tesseract-data-kmr  70) tesseract-data-kor  71) tesseract-data-kor_vert  72) tesseract-data-lao  73) tesseract-data-lat  74) tesseract-data-lav  75) tesseract-data-lit  76) tesseract-data-ltz  77) tesseract-data-mal  78) tesseract-data-mar  79) tesseract-data-mkd  80) tesseract-data-mlt  81) tesseract-data-mon  82) tesseract-data-mri  83) tesseract-data-msa  84) tesseract-data-mya  85) tesseract-data-nep  86) tesseract-data-nld  87) tesseract-data-nor  88) tesseract-data-oci  89) tesseract-data-ori  90) tesseract-data-pan  91) tesseract-data-pol  92) tesseract-data-por  93) tesseract-data-pus  94) tesseract-data-que  95) tesseract-data-ron  96) tesseract-data-rus  97) tesseract-data-san  98) tesseract-data-sin  99) tesseract-data-slk  100) tesseract-data-slk_frak  101) tesseract-data-slv  102) tesseract-data-snd  103) tesseract-data-spa  104) tesseract-data-spa_old  105) tesseract-data-sqi  106) tesseract-data-srp  107) tesseract-data-srp_latn  108) tesseract-data-sun  109) tesseract-data-swa  110) tesseract-data-swe  111) tesseract-data-syr  112) tesseract-data-tam  113) tesseract-data-tat  114) tesseract-data-tel  115) tesseract-data-tgk  116) tesseract-data-tgl  117) tesseract-data-tha  118) tesseract-data-tir  119) tesseract-data-ton  120) tesseract-data-tur  121) tesseract-data-uig  122) tesseract-data-ukr  123) tesseract-data-urd  124) tesseract-data-uzb  125) tesseract-data-uzb_cyrl  126) tesseract-data-vie  127) tesseract-data-yid  128) tesseract-data-yor

Introduzca un número (por omisión=1): 
buscando conflictos entre paquetes...
:: pipewire-jack-1:1.6.8-1 y jack2-1.9.22-2.1 están en conflicto (jack). ¿Quitar jack2? [s/N] error: se han detectado paquetes con conflictos sin resolver
error: no se pudo preparar la operación (dependencias en conflicto)

:: pipewire-jack-1:1.6.8-1 y jack2-1.9.22-2.1 están en conflicto
